// Jest Snapshot v1, https://goo.gl/fbAQLP

exports[`Placeholder Component Test Unit should render correctly 1`] = `
<div
  class="lazyloading-data-placeholder myContainerClass"
  style="height: 300px; width: 400px;"
>
  <div
    class="myItemClass"
    style="height: 20px;"
  >
    <svg
      style="width:100%; height:100%;"
    >
      
        
      <rect
        height="10"
        rx="4"
        ry="4"
        width="45%"
        x="10%"
        y="10%"
      />
      
        
      <rect
        height="10"
        rx="4"
        ry="4"
        width="35%"
        x="60%"
        y="10%"
      />
      
      
    </svg>
  </div>
  <div
    class="myItemClass"
    style="height: 20px;"
  >
    <svg
      style="width:100%; height:100%;"
    >
      
        
      <rect
        height="10"
        rx="4"
        ry="4"
        width="45%"
        x="10%"
        y="10%"
      />
      
        
      <rect
        height="10"
        rx="4"
        ry="4"
        width="35%"
        x="60%"
        y="10%"
      />
      
      
    </svg>
  </div>
</div>
`;
